<?xml version="1.0" encoding="UTF-8"?>
<TestRun id="7d4c756f-959d-4f5b-ab6d-ff3f5b1c1259" name="leo.lin@XUENN-PC 2013-09-17 16:36:17" runUser="XUENN\leo.lin" xmlns="http://microsoft.com/schemas/VisualStudio/TeamTest/2010">
  <TestSettings name="Local" id="6fbcc889-4571-438f-bda1-5a94990e998d">
    <Description>These are default test settings for a local test run.</Description>
    <Deployment enabled="false" runDeploymentRoot="leo.lin_XUENN-PC 2013-09-17 16_36_17">
      <DeploymentItem filename="D:\MyProject\Authentication\Authentication\bin\Debug\Authentication.dll" />
      <DeploymentItem filename="D:\MyProject\EzNet\EzNet.Library\EzNet.Library\bin\Debug\EzNet.Library.dll" />
    </Deployment>
    <Execution>
      <TestTypeSpecific />
      <AgentRule name="Execution Agents">
      </AgentRule>
    </Execution>
  </TestSettings>
  <Times creation="2013-09-17T16:36:17.0055316+08:00" queuing="2013-09-17T16:36:17.8915316+08:00" start="2013-09-17T16:36:18.0185316+08:00" finish="2013-09-17T16:38:23.6995316+08:00" />
  <ResultSummary outcome="Failed">
    <Counters total="1" executed="1" error="0" failed="1" timeout="0" aborted="0" inconclusive="0" passedButRunAborted="0" notRunnable="0" notExecuted="0" disconnected="0" warning="0" passed="0" completed="0" inProgress="0" pending="0" />
  </ResultSummary>
  <TestDefinitions>
    <UnitTest name="GetRoleByIDTest" storage="d:\myproject\mvctest\authenticationtest\bin\debug\authenticationtest.dll" id="03e29e42-18c2-0e21-06c4-61f77c702fe0">
      <Execution id="49e4413b-0335-4d34-9ae6-3265b8b98aef" />
      <TestMethod codeBase="D:/MyProject/MvcTest/AuthenticationTest/bin/Debug/AuthenticationTest.DLL" adapterTypeName="Microsoft.VisualStudio.TestTools.TestTypes.Unit.UnitTestAdapter, Microsoft.VisualStudio.QualityTools.Tips.UnitTest.Adapter, Version=10.0.0.0, Culture=neutral, PublicKeyToken=b03f5f7f11d50a3a" className="AuthenticationTest.RoleServiceTest, AuthenticationTest, Version=1.0.0.0, Culture=neutral, PublicKeyToken=null" name="GetRoleByIDTest" />
    </UnitTest>
  </TestDefinitions>
  <TestLists>
    <TestList name="Results Not in a List" id="8c84fa94-04c1-424b-9868-57a2d4851a1d" />
    <TestList name="All Loaded Results" id="19431567-8539-422a-85d7-44ee4e166bda" />
  </TestLists>
  <TestEntries>
    <TestEntry testId="03e29e42-18c2-0e21-06c4-61f77c702fe0" executionId="49e4413b-0335-4d34-9ae6-3265b8b98aef" testListId="8c84fa94-04c1-424b-9868-57a2d4851a1d" />
  </TestEntries>
  <Results>
    <UnitTestResult executionId="49e4413b-0335-4d34-9ae6-3265b8b98aef" testId="03e29e42-18c2-0e21-06c4-61f77c702fe0" testName="GetRoleByIDTest" computerName="XUENN-PC" duration="00:02:04.9430546" startTime="2013-09-17T16:36:18.1415316+08:00" endTime="2013-09-17T16:38:23.6195316+08:00" testType="13cdc9d9-ddb5-4fa4-a97d-d965ccfc6d4b" outcome="Failed" testListId="8c84fa94-04c1-424b-9868-57a2d4851a1d" relativeResultsDirectory="49e4413b-0335-4d34-9ae6-3265b8b98aef">
      <Output>
        <ErrorInfo>
          <Message>Test method AuthenticationTest.RoleServiceTest.GetRoleByIDTest threw exception: 
System.IO.DirectoryNotFoundException: Could not find a part of the path 'D:\MyProject\MvcTest\AuthenticationTest\bin\DebugConfiguration\db.config'.</Message>
          <StackTrace>   at Authentication.Role.Service.RoleService_Accessor.GetRoleByID(Int32 id)
   at AuthenticationTest.RoleServiceTest.GetRoleByIDTest() in D:\MyProject\MvcTest\AuthenticationTest\RoleServiceTest.cs:line 81
</StackTrace>
        </ErrorInfo>
      </Output>
    </UnitTestResult>
  </Results>
</TestRun>